// Jest Snapshot v1, https://goo.gl/fbAQLP

exports[`should generate dynamic values when dynamicValues is true 1`] = `
Object {
  "id": "89bd9d8d-69a6-474e-8f46-7cc8796ed151",
  "obj": Object {
    "bool": true,
    "flt": 3.7,
    "int": 202,
  },
  "str": "est",
}
`;

exports[`should generate dynamic values when dynamicValues is true 2`] = `
Object {
  "id": "fc2ddf7c-c78c-4a1b-a928-fc816742cb73",
  "obj": Object {
    "bool": false,
    "flt": 0.1,
    "int": 1352,
  },
  "str": "similique",
}
`;
